=~=~=~=~=~=~=~=~=~=~=~= PuTTY log 2022.11.18 16:39:26 =~=~=~=~=~=~=~=~=~=~=~=

 ets Jan  8 2013,rst cause:2, boot mode:(3,6)

load 0x40100000, len 7036, room 16 
tail 12
chksum 0x42
ho 0 tail 12 room 4
load 0x3ffe8408, len 24, room 12 
tail 12
chksum 0xfb
ho 0 tail 12 room 4
load 0x3ffe8420, len 3324, room 12 
tail 0
chksum 0xc0
csum 0xc0
[0;32mI (48) boot: ESP-IDF v3.4-63-ga192988b 2nd stage bootloader[0m
[0;32mI (49) boot: compile time 16:32:06[0m
[0;32mI (49) boot: SPI Speed      : 40MHz[0m
[0;32mI (55) boot: SPI Mode       : DIO[0m
[0;32mI (61) boot: SPI Flash Size : 1MB[0m
[0;32mI (67) boot: Partition Table:[0m
[0;32mI (73) boot: ## Label            Usage          Type ST Offset   Length[0m
[0;32mI (84) boot:  0 nvs              WiFi data        01 02 00009000 00006000[0m
[0;32mI (96) boot:  1 phy_init         RF data          01 01 0000f000 00001000[0m
[0;32mI (107) boot:  2 factory          factory app      00 00 00010000 000f0000[0m
[0;32mI (119) boot: End of partition table[0m
[0;32mI (125) esp_image: segment 0: paddr=0x00010010 vaddr=0x40210010 size=0x15d44 ( 89412) map[0m
[0;32mI (176) esp_image: segment 1: paddr=0x00025d5c vaddr=0x40225d54 size=0x0594c ( 22860) map[0m
[0;32mI (186) esp_image: segment 2: paddr=0x0002b6b0 vaddr=0x3ffe8000 size=0x003dc (   988) load[0m
[0;32mI (187) esp_image: segment 3: paddr=0x0002ba94 vaddr=0x40100000 size=0x00080 (   128) load[0m
[0;32mI (201) esp_image: segment 4: paddr=0x0002bb1c vaddr=0x40100080 size=0x04558 ( 17752) load[0m
[0;32mI (221) boot: Loaded app from partition at offset 0x10000[0m
[0;32mI (242) gpio: GPIO[2]| InputEn: 0| OutputEn: 1| OpenDrain: 0| Pullup: 0| Pulldown: 0| Intr:0 [0m
Turning LED ON...
[0;32mI (1246) main: GPIO_2 Pin STATUS: 0
[0m
[0;32mI (2246) main: GPIO_2 Pin STATUS: 0
[0m
[0;32mI (3246) main: GPIO_2 Pin STATUS: 0
[0m
[0;32mI (4246) main: GPIO_2 Pin STATUS: 0
[0m
[0;32mI (5246) main: GPIO_2 Pin STATUS: 0
[0m
 
 